Haripriya Palleti
Hyderabad




git remote add origin https://github.com/Haripriya45/project.git
git push -u origin main



Microsoft Windows [Version 10.0.22631.3880]
(c) Microsoft Corporation. All rights reserved.

C:\Users\Haripriya\Documents\july project>git init
Initialized empty Git repository in C:/Users/Haripriya/Documents/july project/.git/

C:\Users\Haripriya\Documents\july project>git status
On branch master

No commits yet

nothing to commit (create/copy files and use "git add" to track)

C:\Users\Haripriya\Documents\july project>git status
On branch master

No commits yet

Untracked files:
  (use "git add <file>..." to include in what will be committed)
        demo.txt

nothing added to commit but untracked files present (use "git add" to track)

C:\Users\Haripriya\Documents\july project>git add.
git: 'add.' is not a git command. See 'git --help'.

The most similar command is
        add

C:\Users\Haripriya\Documents\july project>git status
On branch master

No commits yet

Untracked files:
  (use "git add <file>..." to include in what will be committed)
        demo.txt

nothing added to commit but untracked files present (use "git add" to track)

C:\Users\Haripriya\Documents\july project>git add .

C:\Users\Haripriya\Documents\july project>git status
On branch master

No commits yet

Changes to be committed:
  (use "git rm --cached <file>..." to unstage)
        new file:   demo.txt


C:\Users\Haripriya\Documents\july project>git status
On branch master

No commits yet

Changes to be committed:
  (use "git rm --cached <file>..." to unstage)
        new file:   demo.txt


C:\Users\Haripriya\Documents\july project>git status
On branch master

No commits yet

Changes to be committed:
  (use "git rm --cached <file>..." to unstage)
        new file:   demo.txt

Changes not staged for commit:
  (use "git add <file>..." to update what will be committed)
  (use "git restore <file>..." to discard changes in working directory)
        modified:   demo.txt


C:\Users\Haripriya\Documents\july project> git add .

C:\Users\Haripriya\Documents\july project>git status
On branch master

No commits yet

Changes to be committed:
  (use "git rm --cached <file>..." to unstage)
        new file:   demo.txt


C:\Users\Haripriya\Documents\july project>git commit-m first commit
git: 'commit-m' is not a git command. See 'git --help'.

The most similar command is
        commit-tree

C:\Users\Haripriya\Documents\july project>git commit -m "first commit"
Author identity unknown

*** Please tell me who you are.

Run

  git config --global user.email "you@example.com"
  git config --global user.name "Your Name"

to set your account's default identity.
Omit --global to set the identity only in this repository.

fatal: unable to auto-detect email address (got 'Haripriya@MTLP-1185.(none)')

C:\Users\Haripriya\Documents\july project>git config Haripriya45 "Haripriya Palleti"
error: key does not contain a section: Haripriya45

C:\Users\Haripriya\Documents\july project>git config --global haripriyapalleti5@gmail.com "Haripriya Palleti"
error: invalid key: haripriyapalleti5@gmail.com

C:\Users\Haripriya\Documents\july project>git commit -m "first commit"
Author identity unknown

*** Please tell me who you are.

Run

  git config --global user.email "you@example.com"
  git config --global user.name "Your Name"

to set your account's default identity.
Omit --global to set the identity only in this repository.

fatal: unable to auto-detect email address (got 'Haripriya@MTLP-1185.(none)')

C:\Users\Haripriya\Documents\july project>git config --global user.email "haripriyapalleti5@gmail.com"

C:\Users\Haripriya\Documents\july project>git config --global user.name "Haripriya Palleti"

C:\Users\Haripriya\Documents\july project>git commit -m "first commit"
[master (root-commit) 0a6542f] first commit
 1 file changed, 2 insertions(+)
 create mode 100644 demo.txt

C:\Users\Haripriya\Documents\july project>git status
On branch master
nothing to commit, working tree clean

C:\Users\Haripriya\Documents\july project>git remote add origin
usage: git remote add [<options>] <name> <url>

    -f, --[no-]fetch      fetch the remote branches
    --[no-]tags           import all tags and associated objects when fetching
                          or do not fetch any tag at all (--no-tags)
    -t, --[no-]track <branch>
                          branch(es) to track
    -m, --[no-]master <branch>
                          master branch
    --[no-]mirror[=(push|fetch)]
                          set up remote as a mirror to push to or fetch from


C:\Users\Haripriya\Documents\july project>git remote add origin https://github.com/Haripriya45/project.git

C:\Users\Haripriya\Documents\july project>git push -u origin master
info: please complete authentication in your browser...
Enumerating objects: 3, done.
Counting objects: 100% (3/3), done.
Writing objects: 100% (3/3), 244 bytes | 61.00 KiB/s, done.
Total 3 (delta 0), reused 0 (delta 0), pack-reused 0 (from 0)
To https://github.com/Haripriya45/project.git
 * [new branch]      master -> master
branch 'master' set up to track 'origin/master'.

C:\Users\Haripriya\Documents\july project>
C:\Users\Haripriya\Documents\july project>
C:\Users\Haripriya\Documents\july project>